// Jest Snapshot v1, https://goo.gl/fbAQLP

exports[`Basic Sensor functionality should create a lookangles array 1`] = `
Array [
  Object {
    "az": 185.0321047837688,
    "el": 0.018932126219342378,
    "rng": 2320.7003088160936,
    "time": 2022-08-25T07:51:46.000Z,
    "type": 0,
  },
  Object {
    "az": 286.6828392807201,
    "el": -0.03143720527465417,
    "maxElPass": 8.887905466445714,
    "rng": 2346.1443165688643,
    "time": 2022-08-25T08:00:03.000Z,
    "type": 2,
  },
  Object {
    "az": 126.07032765927691,
    "el": 0.011464577747703686,
    "rng": 2327.848319797019,
    "time": 2022-08-25T09:27:12.000Z,
    "type": 0,
  },
  Object {
    "az": 338.51245540232674,
    "el": -0.004776656652769985,
    "maxElPass": 28.303560760507143,
    "rng": 2353.0795991791333,
    "time": 2022-08-25T09:37:34.000Z,
    "type": 2,
  },
  Object {
    "az": 24.30450924794974,
    "el": 0.021759132371179508,
    "rng": 2365.173163410431,
    "time": 2022-08-25T19:22:17.000Z,
    "type": 0,
  },
  Object {
    "az": 230.35934291906204,
    "el": -0.029094115923272833,
    "maxElPass": 34.603325622933625,
    "rng": 2350.6620737684816,
    "time": 2022-08-25T19:32:54.000Z,
    "type": 2,
  },
  Object {
    "az": 77.30327662230586,
    "el": 0.009671715968386793,
    "rng": 2358.781639064529,
    "time": 2022-08-25T21:00:08.000Z,
    "type": 0,
  },
  Object {
    "az": 171.14122538519032,
    "el": -0.04352163512801034,
    "maxElPass": 7.334113831175358,
    "rng": 2346.370746417976,
    "time": 2022-08-25T21:08:00.000Z,
    "type": 2,
  },
]
`;
